gremsy_gpio_fast.h:57:20:gpio_fast_input_read	16	static
gremsy_gpio_fast.h:66:20:gpio_fast_input_set_pullup	16	static
gremsy_gpio_fast.h:76:20:gpio_fast_input_set_pulldown	16	static
gremsy_gpio_fast.h:105:20:gpio_fast_output_set	16	static
gremsy_gpio_fast.h:115:20:gpio_fast_output_reset	16	static
main.c:237:13:pin_check_add	8	static
main.c:253:13:pin_check_init	12	static
main.c:577:13:screen_process	48	static
main.c:753:6:test_process	40	static
main.c:958:13:PCF8575_init	24	static
main.c:973:13:PCF8575_write_pin	32	static
main.c:1008:16:iic_device_scan	24	static
main.c:1034:5:main	152	static
main.c:1186:6:SystemClock_Config	88	static
main.c:1230:13:MX_ADC1_Init	24	static
main.c:1384:13:MX_I2C1_Init	8	static
main.c:1418:13:MX_I2C2_Init	8	static
main.c:1452:13:MX_TIM2_Init	32	static
main.c:1497:13:MX_USART1_UART_Init	8	static
main.c:1528:13:MX_DMA_Init	16	static
main.c:1550:13:MX_GPIO_Init	48	static
main.c:1625:6:Error_Handler	4	static,ignoring_inline_asm
